{
  "Hello,-world": [
    "AlignedPhonemeInfo(word='', word_index=0, syllable_index=0, phoneme='(.)', phoneme_index=0, stress=0, start=0.0, end=0.13)",
    "AlignedPhonemeInfo(word='Hello', word_index=1, syllable_index=1, phoneme='h', phoneme_index=1, stress=0, start=0.13, end=0.31)",
    "AlignedPhonemeInfo(word='Hello', word_index=1, syllable_index=1, phoneme='ə', phoneme_index=2, stress=0, start=0.31, end=0.38)",
    "AlignedPhonemeInfo(word='Hello', word_index=1, syllable_index=2, phoneme='l', phoneme_index=3, stress=1, start=0.38, end=0.46)",
    "AlignedPhonemeInfo(word='Hello', word_index=1, syllable_index=2, phoneme='əw', phoneme_index=4, stress=1, start=0.46, end=0.83)",
    "AlignedPhonemeInfo(word=',', word_index=2, syllable_index=3, phoneme='(.)', phoneme_index=5, stress=0, start=0.83, end=0.96)",
    "AlignedPhonemeInfo(word='world', word_index=3, syllable_index=4, phoneme='ʋ', phoneme_index=6, stress=1, start=0.96, end=1.06)",
    "AlignedPhonemeInfo(word='world', word_index=3, syllable_index=4, phoneme='ɜː', phoneme_index=7, stress=1, start=1.06, end=1.28)",
    "AlignedPhonemeInfo(word='world', word_index=3, syllable_index=4, phoneme='l', phoneme_index=8, stress=1, start=1.28, end=1.32)",
    "AlignedPhonemeInfo(word='world', word_index=3, syllable_index=4, phoneme='ɖ', phoneme_index=9, stress=1, start=1.32, end=1.39)",
    "AlignedPhonemeInfo(word='', word_index=4, syllable_index=5, phoneme='(.)', phoneme_index=10, stress=0, start=1.39, end=1.695057)"
  ],
  "libritts-6241_61946_000012_000002": [
    "AlignedPhonemeInfo(word='', word_index=0, syllable_index=0, phoneme='(.)', phoneme_index=0, stress=0, start=0.0, end=0.08)",
    "AlignedPhonemeInfo(word='Geographers', word_index=1, syllable_index=1, phoneme='spn', phoneme_index=1, stress=0, start=0.08, end=0.7)",
    "AlignedPhonemeInfo(word='Geographers', word_index=1, syllable_index=1, phoneme='a', phoneme_index=2, stress=0, start=0.7, end=0.73)",
    "AlignedPhonemeInfo(word='Geographers', word_index=1, syllable_index=2, phoneme='v', phoneme_index=3, stress=1, start=0.73, end=0.78)",
    "AlignedPhonemeInfo(word='Geographers', word_index=1, syllable_index=3, phoneme='dʲ', phoneme_index=4, stress=0, start=0.78, end=0.82)",
    "AlignedPhonemeInfo(word='Geographers', word_index=1, syllable_index=3, phoneme='i', phoneme_index=5, stress=0, start=0.82, end=0.86)",
    "AlignedPhonemeInfo(word='Geographers', word_index=1, syllable_index=3, phoneme='v', phoneme_index=6, stress=0, start=0.86, end=0.93)",
    "AlignedPhonemeInfo(word='Geographers', word_index=1, syllable_index=4, phoneme='aj', phoneme_index=7, stress=0, start=0.93, end=1.07)",
    "AlignedPhonemeInfo(word='Geographers', word_index=1, syllable_index=4, phoneme='d', phoneme_index=8, stress=0, start=1.07, end=1.1)",
    "AlignedPhonemeInfo(word='Geographers', word_index=1, syllable_index=4, phoneme='ɛ', phoneme_index=9, stress=0, start=1.1, end=1.14)",
    "AlignedPhonemeInfo(word='have', word_index=2, syllable_index=5, phoneme='d', phoneme_index=10, stress=1, start=1.14, end=1.18)",
    "AlignedPhonemeInfo(word='have', word_index=2, syllable_index=5, phoneme='i', phoneme_index=11, stress=1, start=1.18, end=1.25)",
    "AlignedPhonemeInfo(word='have', word_index=2, syllable_index=5, phoneme='t', phoneme_index=12, stress=1, start=1.25, end=1.28)",
    "AlignedPhonemeInfo(word='divided', word_index=3, syllable_index=6, phoneme='ɪ', phoneme_index=13, stress=0, start=1.28, end=1.32)",
    "AlignedPhonemeInfo(word='divided', word_index=3, syllable_index=6, phoneme='n', phoneme_index=14, stress=0, start=1.32, end=1.38)",
    "AlignedPhonemeInfo(word='divided', word_index=3, syllable_index=7, phoneme='ʈ', phoneme_index=15, stress=1, start=1.38, end=1.43)",
    "AlignedPhonemeInfo(word='divided', word_index=3, syllable_index=7, phoneme='ʉː', phoneme_index=16, stress=1, start=1.43, end=1.46)",
    "AlignedPhonemeInfo(word='divided', word_index=3, syllable_index=8, phoneme='f', phoneme_index=17, stress=0, start=1.46, end=1.6)",
    "AlignedPhonemeInfo(word='divided', word_index=3, syllable_index=8, phoneme='ɒ', phoneme_index=18, stress=0, start=1.6, end=1.67)",
    "AlignedPhonemeInfo(word='divided', word_index=3, syllable_index=8, phoneme='ɹ', phoneme_index=19, stress=0, start=1.67, end=1.72)",
    "AlignedPhonemeInfo(word='it', word_index=4, syllable_index=9, phoneme='p', phoneme_index=20, stress=0, start=1.72, end=1.84)",
    "AlignedPhonemeInfo(word='it', word_index=4, syllable_index=9, phoneme='ɑː', phoneme_index=21, stress=0, start=1.84, end=2.01)",
    "AlignedPhonemeInfo(word='into', word_index=5, syllable_index=10, phoneme='ʈ', phoneme_index=22, stress=2, start=2.01, end=2.11)",
    "AlignedPhonemeInfo(word='into', word_index=5, syllable_index=10, phoneme='s', phoneme_index=23, stress=2, start=2.11, end=2.19)",
    "AlignedPhonemeInfo(word='into', word_index=5, syllable_index=11, phoneme='(.)', phoneme_index=24, stress=0, start=2.19, end=2.38)",
    "AlignedPhonemeInfo(word='into', word_index=5, syllable_index=11, phoneme='a', phoneme_index=25, stress=0, start=2.38, end=2.46)",
    "AlignedPhonemeInfo(word='four', word_index=6, syllable_index=12, phoneme='n', phoneme_index=26, stress=1, start=2.46, end=2.53)",
    "AlignedPhonemeInfo(word='four', word_index=6, syllable_index=12, phoneme='ʋ', phoneme_index=27, stress=1, start=2.53, end=2.58)",
    "AlignedPhonemeInfo(word='four', word_index=6, syllable_index=12, phoneme='iː', phoneme_index=28, stress=1, start=2.58, end=2.62)",
    "AlignedPhonemeInfo(word='parts', word_index=7, syllable_index=13, phoneme='h', phoneme_index=29, stress=1, start=2.62, end=2.67)",
    "AlignedPhonemeInfo(word='parts', word_index=7, syllable_index=13, phoneme='a', phoneme_index=30, stress=1, start=2.67, end=2.73)",
    "AlignedPhonemeInfo(word='parts', word_index=7, syllable_index=13, phoneme='d', phoneme_index=31, stress=1, start=2.73, end=2.78)",
    "AlignedPhonemeInfo(word='parts', word_index=7, syllable_index=13, phoneme='ə', phoneme_index=32, stress=1, start=2.78, end=2.82)",
    "AlignedPhonemeInfo(word='parts', word_index=7, syllable_index=13, phoneme='k', phoneme_index=33, stress=1, start=2.82, end=2.94)",
    "AlignedPhonemeInfo(word=',', word_index=8, syllable_index=14, phoneme='ɹ', phoneme_index=34, stress=0, start=2.94, end=2.99)",
    "AlignedPhonemeInfo(word='and', word_index=9, syllable_index=15, phoneme='ɒ', phoneme_index=35, stress=0, start=2.99, end=3.11)",
    "AlignedPhonemeInfo(word='and', word_index=9, syllable_index=15, phoneme='s', phoneme_index=36, stress=0, start=3.11, end=3.21)",
    "AlignedPhonemeInfo(word='and', word_index=9, syllable_index=15, phoneme='ð', phoneme_index=37, stress=0, start=3.21, end=3.26)",
    "AlignedPhonemeInfo(word='we', word_index=10, syllable_index=16, phoneme='a', phoneme_index=38, stress=0, start=3.26, end=3.29)",
    "AlignedPhonemeInfo(word='we', word_index=10, syllable_index=16, phoneme='s', phoneme_index=39, stress=0, start=3.29, end=3.46)",
    "AlignedPhonemeInfo(word='had', word_index=11, syllable_index=17, phoneme='aw', phoneme_index=40, stress=2, start=3.46, end=3.61)",
    "AlignedPhonemeInfo(word='had', word_index=11, syllable_index=17, phoneme='t̪', phoneme_index=41, stress=2, start=3.61, end=3.71)",
    "AlignedPhonemeInfo(word='had', word_index=11, syllable_index=17, phoneme='ʋ', phoneme_index=42, stress=2, start=3.71, end=3.78)",
    "AlignedPhonemeInfo(word='to', word_index=12, syllable_index=18, phoneme='ɛ', phoneme_index=43, stress=0, start=3.78, end=3.84)",
    "AlignedPhonemeInfo(word='to', word_index=12, syllable_index=18, phoneme='s', phoneme_index=44, stress=0, start=3.84, end=3.93)",
    "AlignedPhonemeInfo(word='cross', word_index=13, syllable_index=19, phoneme='ʈ', phoneme_index=45, stress=1, start=3.93, end=3.96)",
    "AlignedPhonemeInfo(word='cross', word_index=13, syllable_index=19, phoneme='kʰ', phoneme_index=46, stress=1, start=3.96, end=4.07)",
    "AlignedPhonemeInfo(word='cross', word_index=13, syllable_index=19, phoneme='ɒ', phoneme_index=47, stress=1, start=4.07, end=4.14)",
    "AlignedPhonemeInfo(word='cross', word_index=13, syllable_index=19, phoneme='ɹ', phoneme_index=48, stress=1, start=4.14, end=4.19)",
    "AlignedPhonemeInfo(word='the', word_index=14, syllable_index=20, phoneme='t', phoneme_index=49, stress=0, start=4.19, end=4.23)",
    "AlignedPhonemeInfo(word='the', word_index=14, syllable_index=20, phoneme='ɚ', phoneme_index=50, stress=0, start=4.23, end=4.38)",
    "AlignedPhonemeInfo(word='southwest', word_index=15, syllable_index=21, phoneme='(.)', phoneme_index=51, stress=0, start=4.38, end=4.69)",
    "AlignedPhonemeInfo(word='southwest', word_index=15, syllable_index=21, phoneme='ʋ', phoneme_index=52, stress=0, start=4.69, end=4.8)",
    "AlignedPhonemeInfo(word='southwest', word_index=15, syllable_index=22, phoneme='ɪ', phoneme_index=53, stress=1, start=4.8, end=4.85)",
    "AlignedPhonemeInfo(word='southwest', word_index=15, syllable_index=22, phoneme='tʃ', phoneme_index=54, stress=1, start=4.85, end=4.97)",
    "AlignedPhonemeInfo(word='southwest', word_index=15, syllable_index=22, phoneme='i', phoneme_index=55, stress=1, start=4.97, end=5.09)",
    "AlignedPhonemeInfo(word='southwest', word_index=15, syllable_index=22, phoneme='n', phoneme_index=56, stress=1, start=5.09, end=5.13)",
    "AlignedPhonemeInfo(word='southwest', word_index=15, syllable_index=22, phoneme='ð', phoneme_index=57, stress=1, start=5.13, end=5.16)",
    "AlignedPhonemeInfo(word='quarter', word_index=16, syllable_index=23, phoneme='a', phoneme_index=58, stress=1, start=5.16, end=5.19)",
    "AlignedPhonemeInfo(word='quarter', word_index=16, syllable_index=23, phoneme='v', phoneme_index=59, stress=1, start=5.19, end=5.23)",
    "AlignedPhonemeInfo(word='quarter', word_index=16, syllable_index=23, phoneme='ə', phoneme_index=60, stress=1, start=5.23, end=5.28)",
    "AlignedPhonemeInfo(word='quarter', word_index=16, syllable_index=23, phoneme='n', phoneme_index=61, stress=1, start=5.28, end=5.34)",
    "AlignedPhonemeInfo(word='quarter', word_index=16, syllable_index=24, phoneme='a', phoneme_index=62, stress=0, start=5.34, end=5.48)",
    "AlignedPhonemeInfo(word='quarter', word_index=16, syllable_index=24, phoneme='c', phoneme_index=63, stress=0, start=5.48, end=5.57)",
    "AlignedPhonemeInfo(word='which', word_index=17, syllable_index=25, phoneme='ə', phoneme_index=64, stress=1, start=5.57, end=5.61)",
    "AlignedPhonemeInfo(word='which', word_index=17, syllable_index=25, phoneme='l', phoneme_index=65, stress=1, start=5.61, end=5.64)",
    "AlignedPhonemeInfo(word='which', word_index=17, syllable_index=25, phoneme='ə', phoneme_index=66, stress=1, start=5.64, end=5.75)",
    "AlignedPhonemeInfo(word='in', word_index=18, syllable_index=26, phoneme='i', phoneme_index=67, stress=1, start=5.75, end=5.83)",
    "AlignedPhonemeInfo(word='in', word_index=18, syllable_index=26, phoneme='z', phoneme_index=68, stress=1, start=5.83, end=5.88)",
    "AlignedPhonemeInfo(word='the', word_index=19, syllable_index=27, phoneme='k', phoneme_index=69, stress=0, start=5.88, end=5.98)",
    "AlignedPhonemeInfo(word='the', word_index=19, syllable_index=27, phoneme='ɒː', phoneme_index=70, stress=0, start=5.98, end=6.2)",
    "AlignedPhonemeInfo(word='vernacular', word_index=20, syllable_index=28, phoneme='l', phoneme_index=71, stress=0, start=6.2, end=6.23)",
    "AlignedPhonemeInfo(word='vernacular', word_index=20, syllable_index=28, phoneme='ɖ', phoneme_index=72, stress=0, start=6.23, end=6.32)",
    "AlignedPhonemeInfo(word='vernacular', word_index=20, syllable_index=29, phoneme='(.)', phoneme_index=73, stress=1, start=6.32, end=6.55)",
    "AlignedPhonemeInfo(word='vernacular', word_index=20, syllable_index=29, phoneme='spn', phoneme_index=74, stress=1, start=6.55, end=7.0)",
    "AlignedPhonemeInfo(word='vernacular', word_index=20, syllable_index=30, phoneme='spn', phoneme_index=75, stress=0, start=7.0, end=7.73)",
    "AlignedPhonemeInfo(word='vernacular', word_index=20, syllable_index=30, phoneme='(.)', phoneme_index=76, stress=0, start=7.73, end=7.9)"
  ],
  "librittsr-6241_61946_000012_000002": [
    "AlignedPhonemeInfo(word='', word_index=0, syllable_index=0, phoneme='(.)', phoneme_index=0, stress=0, start=0.0, end=0.13)",
    "AlignedPhonemeInfo(word='Geographers', word_index=1, syllable_index=1, phoneme='spn', phoneme_index=1, stress=0, start=0.13, end=0.72)",
    "AlignedPhonemeInfo(word='Geographers', word_index=1, syllable_index=1, phoneme='a', phoneme_index=2, stress=0, start=0.72, end=0.75)",
    "AlignedPhonemeInfo(word='Geographers', word_index=1, syllable_index=2, phoneme='v', phoneme_index=3, stress=1, start=0.75, end=0.78)",
    "AlignedPhonemeInfo(word='Geographers', word_index=1, syllable_index=3, phoneme='dʲ', phoneme_index=4, stress=0, start=0.78, end=0.85)",
    "AlignedPhonemeInfo(word='Geographers', word_index=1, syllable_index=3, phoneme='i', phoneme_index=5, stress=0, start=0.85, end=0.88)",
    "AlignedPhonemeInfo(word='Geographers', word_index=1, syllable_index=3, phoneme='v', phoneme_index=6, stress=0, start=0.88, end=0.94)",
    "AlignedPhonemeInfo(word='Geographers', word_index=1, syllable_index=4, phoneme='aj', phoneme_index=7, stress=0, start=0.94, end=1.08)",
    "AlignedPhonemeInfo(word='Geographers', word_index=1, syllable_index=4, phoneme='d', phoneme_index=8, stress=0, start=1.08, end=1.11)",
    "AlignedPhonemeInfo(word='Geographers', word_index=1, syllable_index=4, phoneme='ɛ', phoneme_index=9, stress=0, start=1.11, end=1.15)",
    "AlignedPhonemeInfo(word='have', word_index=2, syllable_index=5, phoneme='d', phoneme_index=10, stress=1, start=1.15, end=1.2)",
    "AlignedPhonemeInfo(word='have', word_index=2, syllable_index=5, phoneme='i', phoneme_index=11, stress=1, start=1.2, end=1.26)",
    "AlignedPhonemeInfo(word='have', word_index=2, syllable_index=5, phoneme='t', phoneme_index=12, stress=1, start=1.26, end=1.29)",
    "AlignedPhonemeInfo(word='divided', word_index=3, syllable_index=6, phoneme='ɪ', phoneme_index=13, stress=0, start=1.29, end=1.34)",
    "AlignedPhonemeInfo(word='divided', word_index=3, syllable_index=6, phoneme='n', phoneme_index=14, stress=0, start=1.34, end=1.4)",
    "AlignedPhonemeInfo(word='divided', word_index=3, syllable_index=7, phoneme='ʈ', phoneme_index=15, stress=1, start=1.4, end=1.45)",
    "AlignedPhonemeInfo(word='divided', word_index=3, syllable_index=7, phoneme='ʉː', phoneme_index=16, stress=1, start=1.45, end=1.48)",
    "AlignedPhonemeInfo(word='divided', word_index=3, syllable_index=8, phoneme='f', phoneme_index=17, stress=0, start=1.48, end=1.62)",
    "AlignedPhonemeInfo(word='divided', word_index=3, syllable_index=8, phoneme='ɒ', phoneme_index=18, stress=0, start=1.62, end=1.69)",
    "AlignedPhonemeInfo(word='divided', word_index=3, syllable_index=8, phoneme='ɹ', phoneme_index=19, stress=0, start=1.69, end=1.75)",
    "AlignedPhonemeInfo(word='it', word_index=4, syllable_index=9, phoneme='p', phoneme_index=20, stress=0, start=1.75, end=1.87)",
    "AlignedPhonemeInfo(word='it', word_index=4, syllable_index=9, phoneme='ɑː', phoneme_index=21, stress=0, start=1.87, end=2.01)",
    "AlignedPhonemeInfo(word='into', word_index=5, syllable_index=10, phoneme='ʈ', phoneme_index=22, stress=2, start=2.01, end=2.12)",
    "AlignedPhonemeInfo(word='into', word_index=5, syllable_index=10, phoneme='s', phoneme_index=23, stress=2, start=2.12, end=2.2)",
    "AlignedPhonemeInfo(word='into', word_index=5, syllable_index=11, phoneme='(.)', phoneme_index=24, stress=0, start=2.2, end=2.41)",
    "AlignedPhonemeInfo(word='into', word_index=5, syllable_index=11, phoneme='a', phoneme_index=25, stress=0, start=2.41, end=2.48)",
    "AlignedPhonemeInfo(word='four', word_index=6, syllable_index=12, phoneme='n', phoneme_index=26, stress=1, start=2.48, end=2.55)",
    "AlignedPhonemeInfo(word='four', word_index=6, syllable_index=12, phoneme='ʋ', phoneme_index=27, stress=1, start=2.55, end=2.59)",
    "AlignedPhonemeInfo(word='four', word_index=6, syllable_index=12, phoneme='iː', phoneme_index=28, stress=1, start=2.59, end=2.63)",
    "AlignedPhonemeInfo(word='parts', word_index=7, syllable_index=13, phoneme='h', phoneme_index=29, stress=1, start=2.63, end=2.68)",
    "AlignedPhonemeInfo(word='parts', word_index=7, syllable_index=13, phoneme='a', phoneme_index=30, stress=1, start=2.68, end=2.74)",
    "AlignedPhonemeInfo(word='parts', word_index=7, syllable_index=13, phoneme='d', phoneme_index=31, stress=1, start=2.74, end=2.79)",
    "AlignedPhonemeInfo(word='parts', word_index=7, syllable_index=13, phoneme='ə', phoneme_index=32, stress=1, start=2.79, end=2.84)",
    "AlignedPhonemeInfo(word='parts', word_index=7, syllable_index=13, phoneme='k', phoneme_index=33, stress=1, start=2.84, end=2.97)",
    "AlignedPhonemeInfo(word=',', word_index=8, syllable_index=14, phoneme='ɹ', phoneme_index=34, stress=0, start=2.97, end=3.01)",
    "AlignedPhonemeInfo(word='and', word_index=9, syllable_index=15, phoneme='ɒ', phoneme_index=35, stress=0, start=3.01, end=3.14)",
    "AlignedPhonemeInfo(word='and', word_index=9, syllable_index=15, phoneme='s', phoneme_index=36, stress=0, start=3.14, end=3.23)",
    "AlignedPhonemeInfo(word='and', word_index=9, syllable_index=15, phoneme='ð', phoneme_index=37, stress=0, start=3.23, end=3.29)",
    "AlignedPhonemeInfo(word='we', word_index=10, syllable_index=16, phoneme='a', phoneme_index=38, stress=0, start=3.29, end=3.32)",
    "AlignedPhonemeInfo(word='we', word_index=10, syllable_index=16, phoneme='s', phoneme_index=39, stress=0, start=3.32, end=3.48)",
    "AlignedPhonemeInfo(word='had', word_index=11, syllable_index=17, phoneme='aw', phoneme_index=40, stress=2, start=3.48, end=3.63)",
    "AlignedPhonemeInfo(word='had', word_index=11, syllable_index=17, phoneme='t̪', phoneme_index=41, stress=2, start=3.63, end=3.73)",
    "AlignedPhonemeInfo(word='had', word_index=11, syllable_index=17, phoneme='ʋ', phoneme_index=42, stress=2, start=3.73, end=3.79)",
    "AlignedPhonemeInfo(word='to', word_index=12, syllable_index=18, phoneme='ɛ', phoneme_index=43, stress=0, start=3.79, end=3.86)",
    "AlignedPhonemeInfo(word='to', word_index=12, syllable_index=18, phoneme='s', phoneme_index=44, stress=0, start=3.86, end=3.95)",
    "AlignedPhonemeInfo(word='cross', word_index=13, syllable_index=19, phoneme='ʈ', phoneme_index=45, stress=1, start=3.95, end=3.98)",
    "AlignedPhonemeInfo(word='cross', word_index=13, syllable_index=19, phoneme='kʰ', phoneme_index=46, stress=1, start=3.98, end=4.09)",
    "AlignedPhonemeInfo(word='cross', word_index=13, syllable_index=19, phoneme='ɒ', phoneme_index=47, stress=1, start=4.09, end=4.16)",
    "AlignedPhonemeInfo(word='cross', word_index=13, syllable_index=19, phoneme='ɹ', phoneme_index=48, stress=1, start=4.16, end=4.2)",
    "AlignedPhonemeInfo(word='the', word_index=14, syllable_index=20, phoneme='t', phoneme_index=49, stress=0, start=4.2, end=4.24)",
    "AlignedPhonemeInfo(word='the', word_index=14, syllable_index=20, phoneme='ɚ', phoneme_index=50, stress=0, start=4.24, end=4.44)",
    "AlignedPhonemeInfo(word='southwest', word_index=15, syllable_index=21, phoneme='(.)', phoneme_index=51, stress=0, start=4.44, end=4.68)",
    "AlignedPhonemeInfo(word='southwest', word_index=15, syllable_index=21, phoneme='ʋ', phoneme_index=52, stress=0, start=4.68, end=4.81)",
    "AlignedPhonemeInfo(word='southwest', word_index=15, syllable_index=22, phoneme='ɪ', phoneme_index=53, stress=1, start=4.81, end=4.87)",
    "AlignedPhonemeInfo(word='southwest', word_index=15, syllable_index=22, phoneme='tʃ', phoneme_index=54, stress=1, start=4.87, end=4.98)",
    "AlignedPhonemeInfo(word='southwest', word_index=15, syllable_index=22, phoneme='i', phoneme_index=55, stress=1, start=4.98, end=5.11)",
    "AlignedPhonemeInfo(word='southwest', word_index=15, syllable_index=22, phoneme='n', phoneme_index=56, stress=1, start=5.11, end=5.15)",
    "AlignedPhonemeInfo(word='southwest', word_index=15, syllable_index=22, phoneme='ð', phoneme_index=57, stress=1, start=5.15, end=5.18)",
    "AlignedPhonemeInfo(word='quarter', word_index=16, syllable_index=23, phoneme='a', phoneme_index=58, stress=1, start=5.18, end=5.21)",
    "AlignedPhonemeInfo(word='quarter', word_index=16, syllable_index=23, phoneme='v', phoneme_index=59, stress=1, start=5.21, end=5.25)",
    "AlignedPhonemeInfo(word='quarter', word_index=16, syllable_index=23, phoneme='ə', phoneme_index=60, stress=1, start=5.25, end=5.29)",
    "AlignedPhonemeInfo(word='quarter', word_index=16, syllable_index=23, phoneme='n', phoneme_index=61, stress=1, start=5.29, end=5.36)",
    "AlignedPhonemeInfo(word='quarter', word_index=16, syllable_index=24, phoneme='a', phoneme_index=62, stress=0, start=5.36, end=5.5)",
    "AlignedPhonemeInfo(word='quarter', word_index=16, syllable_index=24, phoneme='c', phoneme_index=63, stress=0, start=5.5, end=5.6)",
    "AlignedPhonemeInfo(word='which', word_index=17, syllable_index=25, phoneme='ə', phoneme_index=64, stress=1, start=5.6, end=5.63)",
    "AlignedPhonemeInfo(word='which', word_index=17, syllable_index=25, phoneme='l', phoneme_index=65, stress=1, start=5.63, end=5.66)",
    "AlignedPhonemeInfo(word='which', word_index=17, syllable_index=25, phoneme='ə', phoneme_index=66, stress=1, start=5.66, end=5.76)",
    "AlignedPhonemeInfo(word='in', word_index=18, syllable_index=26, phoneme='i', phoneme_index=67, stress=1, start=5.76, end=5.85)",
    "AlignedPhonemeInfo(word='in', word_index=18, syllable_index=26, phoneme='z', phoneme_index=68, stress=1, start=5.85, end=5.91)",
    "AlignedPhonemeInfo(word='the', word_index=19, syllable_index=27, phoneme='k', phoneme_index=69, stress=0, start=5.91, end=6.0)",
    "AlignedPhonemeInfo(word='the', word_index=19, syllable_index=27, phoneme='ɒː', phoneme_index=70, stress=0, start=6.0, end=6.22)",
    "AlignedPhonemeInfo(word='vernacular', word_index=20, syllable_index=28, phoneme='l', phoneme_index=71, stress=0, start=6.22, end=6.25)",
    "AlignedPhonemeInfo(word='vernacular', word_index=20, syllable_index=28, phoneme='ɖ', phoneme_index=72, stress=0, start=6.25, end=6.32)",
    "AlignedPhonemeInfo(word='vernacular', word_index=20, syllable_index=29, phoneme='(.)', phoneme_index=73, stress=1, start=6.32, end=6.56)",
    "AlignedPhonemeInfo(word='vernacular', word_index=20, syllable_index=29, phoneme='spn', phoneme_index=74, stress=1, start=6.56, end=6.84)",
    "AlignedPhonemeInfo(word='vernacular', word_index=20, syllable_index=30, phoneme='spn', phoneme_index=75, stress=0, start=6.84, end=7.73)",
    "AlignedPhonemeInfo(word='vernacular', word_index=20, syllable_index=30, phoneme='(.)', phoneme_index=76, stress=0, start=7.73, end=7.88)"
  ]
}
